Component: Arm Compiler for Embedded 6.19 Tool: armlink [5e73cb00]

==============================================================================

Section Cross References

    main.o(.ARM.exidx.text.main) refers to main.o(.text.main) for [Anonymous Symbol]
    arm_startup_nrf5340_application.o(STACK) refers (Special) to heapauxi.o(.text) for __use_two_region_memory
    arm_startup_nrf5340_application.o(HEAP) refers (Special) to heapauxi.o(.text) for __use_two_region_memory
    arm_startup_nrf5340_application.o(RESET) refers (Special) to heapauxi.o(.text) for __use_two_region_memory
    arm_startup_nrf5340_application.o(RESET) refers to arm_startup_nrf5340_application.o(STACK) for __initial_sp
    arm_startup_nrf5340_application.o(RESET) refers to arm_startup_nrf5340_application.o(.text) for Reset_Handler
    arm_startup_nrf5340_application.o(.text) refers (Special) to heapauxi.o(.text) for __use_two_region_memory
    arm_startup_nrf5340_application.o(.text) refers to system_nrf5340_application.o(.text.SystemInit) for SystemInit
    arm_startup_nrf5340_application.o(.text) refers to __main.o(!!!main) for __main
    arm_startup_nrf5340_application.o(.text) refers to arm_startup_nrf5340_application.o(HEAP) for Heap_Mem
    arm_startup_nrf5340_application.o(.text) refers to arm_startup_nrf5340_application.o(STACK) for Stack_Mem
    system_nrf5340_application.o(.text.SystemCoreClockUpdate) refers to system_nrf5340_application.o(.data.SystemCoreClock) for SystemCoreClock
    system_nrf5340_application.o(.ARM.exidx.text.SystemCoreClockUpdate) refers to system_nrf5340_application.o(.text.SystemCoreClockUpdate) for [Anonymous Symbol]
    system_nrf5340_application.o(.text.SystemInit) refers to system_nrf5340_application.o(.text.nrf53_errata_97) for nrf53_errata_97
    system_nrf5340_application.o(.text.SystemInit) refers to system_nrf5340_application.o(.text.nrf53_errata_64) for nrf53_errata_64
    system_nrf5340_application.o(.text.SystemInit) refers to system_nrf5340_application.o(.text.nrf53_errata_42) for nrf53_errata_42
    system_nrf5340_application.o(.text.SystemInit) refers to system_nrf5340_application.o(.text.nrf53_errata_46) for nrf53_errata_46
    system_nrf5340_application.o(.text.SystemInit) refers to system_nrf5340_application.o(.text.nrf53_errata_49) for nrf53_errata_49
    system_nrf5340_application.o(.text.SystemInit) refers to system_nrf5340_application.o(.text.nrf53_errata_55) for nrf53_errata_55
    system_nrf5340_application.o(.text.SystemInit) refers to system_nrf5340_application.o(.text.nrf53_errata_69) for nrf53_errata_69
    system_nrf5340_application.o(.text.SystemInit) refers to system_nrf5340_application.o(.text.SystemStoreFICRNS) for SystemStoreFICRNS
    system_nrf5340_application.o(.text.SystemInit) refers to system_nrf5340_application.o(.text.nrf53_handle_approtect) for nrf53_handle_approtect
    system_nrf5340_application.o(.text.SystemInit) refers to system_nrf5340_application.o(.text.SystemCoreClockUpdate) for SystemCoreClockUpdate
    system_nrf5340_application.o(.ARM.exidx.text.SystemInit) refers to system_nrf5340_application.o(.text.SystemInit) for [Anonymous Symbol]
    system_nrf5340_application.o(.ARM.exidx.text.nrf53_errata_97) refers to system_nrf5340_application.o(.text.nrf53_errata_97) for [Anonymous Symbol]
    system_nrf5340_application.o(.ARM.exidx.text.nrf53_errata_64) refers to system_nrf5340_application.o(.text.nrf53_errata_64) for [Anonymous Symbol]
    system_nrf5340_application.o(.ARM.exidx.text.nrf53_errata_42) refers to system_nrf5340_application.o(.text.nrf53_errata_42) for [Anonymous Symbol]
    system_nrf5340_application.o(.ARM.exidx.text.nrf53_errata_46) refers to system_nrf5340_application.o(.text.nrf53_errata_46) for [Anonymous Symbol]
    system_nrf5340_application.o(.ARM.exidx.text.nrf53_errata_49) refers to system_nrf5340_application.o(.text.nrf53_errata_49) for [Anonymous Symbol]
    system_nrf5340_application.o(.ARM.exidx.text.nrf53_errata_55) refers to system_nrf5340_application.o(.text.nrf53_errata_55) for [Anonymous Symbol]
    system_nrf5340_application.o(.ARM.exidx.text.nrf53_errata_69) refers to system_nrf5340_application.o(.text.nrf53_errata_69) for [Anonymous Symbol]
    system_nrf5340_application.o(.ARM.exidx.text.nrf53_handle_approtect) refers to system_nrf5340_application.o(.text.nrf53_handle_approtect) for [Anonymous Symbol]
    system_nrf5340_application.o(.ARM.exidx.text.SystemStoreFICRNS) refers to system_nrf5340_application.o(.text.SystemStoreFICRNS) for [Anonymous Symbol]
    system_nrf5340_application.o(.ARM.exidx.text.SystemLockFICRNS) refers to system_nrf5340_application.o(.text.SystemLockFICRNS) for [Anonymous Symbol]
    __main.o(!!!main) refers to __rtentry.o(.ARM.Collect$$rtentry$$00000000) for __rt_entry
    __rtentry.o(.ARM.Collect$$rtentry$$00000000) refers (Special) to __rtentry2.o(.ARM.Collect$$rtentry$$0000000A) for __rt_entry_li
    __rtentry.o(.ARM.Collect$$rtentry$$00000000) refers (Special) to __rtentry2.o(.ARM.Collect$$rtentry$$0000000D) for __rt_entry_main
    __rtentry.o(.ARM.Collect$$rtentry$$00000000) refers (Special) to __rtentry2.o(.ARM.Collect$$rtentry$$0000000C) for __rt_entry_postli_1
    __rtentry.o(.ARM.Collect$$rtentry$$00000000) refers (Special) to __rtentry2.o(.ARM.Collect$$rtentry$$00000009) for __rt_entry_postsh_1
    __rtentry.o(.ARM.Collect$$rtentry$$00000000) refers (Special) to __rtentry2.o(.ARM.Collect$$rtentry$$00000002) for __rt_entry_presh_1
    __rtentry.o(.ARM.Collect$$rtentry$$00000000) refers (Special) to __rtentry4.o(.ARM.Collect$$rtentry$$00000004) for __rt_entry_sh
    __rtentry2.o(.ARM.Collect$$rtentry$$00000008) refers to boardinit2.o(.text) for _platform_post_stackheap_init
    __rtentry2.o(.ARM.Collect$$rtentry$$0000000A) refers to libinit.o(.ARM.Collect$$libinit$$00000000) for __rt_lib_init
    __rtentry2.o(.ARM.Collect$$rtentry$$0000000B) refers to boardinit3.o(.text) for _platform_post_lib_init
    __rtentry2.o(.ARM.Collect$$rtentry$$0000000D) refers to main.o(.text.main) for main
    __rtentry2.o(.ARM.Collect$$rtentry$$0000000D) refers to exit.o(.text) for exit
    __rtentry2.o(.ARM.exidx) refers to __rtentry2.o(.ARM.Collect$$rtentry$$00000001) for .ARM.Collect$$rtentry$$00000001
    __rtentry2.o(.ARM.exidx) refers to __rtentry2.o(.ARM.Collect$$rtentry$$00000008) for .ARM.Collect$$rtentry$$00000008
    __rtentry2.o(.ARM.exidx) refers to __rtentry2.o(.ARM.Collect$$rtentry$$0000000A) for .ARM.Collect$$rtentry$$0000000A
    __rtentry2.o(.ARM.exidx) refers to __rtentry2.o(.ARM.Collect$$rtentry$$0000000B) for .ARM.Collect$$rtentry$$0000000B
    __rtentry2.o(.ARM.exidx) refers to __rtentry2.o(.ARM.Collect$$rtentry$$0000000D) for .ARM.Collect$$rtentry$$0000000D
    __rtentry4.o(.ARM.Collect$$rtentry$$00000004) refers to sys_stackheap_outer.o(.text) for __user_setup_stackheap
    __rtentry4.o(.ARM.exidx) refers to __rtentry4.o(.ARM.Collect$$rtentry$$00000004) for .ARM.Collect$$rtentry$$00000004
    sys_stackheap_outer.o(.text) refers to libspace.o(.text) for __user_perproc_libspace
    sys_stackheap_outer.o(.text) refers to arm_startup_nrf5340_application.o(.text) for __user_initial_stackheap
    exit.o(.text) refers to rtexit.o(.ARM.Collect$$rtexit$$00000000) for __rt_exit
    libinit.o(.ARM.Collect$$libinit$$00000000) refers (Special) to libinit2.o(.ARM.Collect$$libinit$$00000030) for __rt_lib_init_alloca_1
    libinit.o(.ARM.Collect$$libinit$$00000000) refers (Special) to libinit2.o(.ARM.Collect$$libinit$$0000002E) for __rt_lib_init_argv_1
    libinit.o(.ARM.Collect$$libinit$$00000000) refers (Special) to libinit2.o(.ARM.Collect$$libinit$$0000001D) for __rt_lib_init_atexit_1
    libinit.o(.ARM.Collect$$libinit$$00000000) refers (Special) to libinit2.o(.ARM.Collect$$libinit$$00000023) for __rt_lib_init_clock_1
    libinit.o(.ARM.Collect$$libinit$$00000000) refers (Special) to libinit2.o(.ARM.Collect$$libinit$$00000034) for __rt_lib_init_cpp_1
    libinit.o(.ARM.Collect$$libinit$$00000000) refers (Special) to libinit2.o(.ARM.Collect$$libinit$$00000032) for __rt_lib_init_exceptions_1
    libinit.o(.ARM.Collect$$libinit$$00000000) refers (Special) to libinit2.o(.ARM.Collect$$libinit$$00000001) for __rt_lib_init_fp_1
    libinit.o(.ARM.Collect$$libinit$$00000000) refers (Special) to libinit2.o(.ARM.Collect$$libinit$$00000021) for __rt_lib_init_fp_trap_1
    libinit.o(.ARM.Collect$$libinit$$00000000) refers (Special) to libinit2.o(.ARM.Collect$$libinit$$00000025) for __rt_lib_init_getenv_1
    libinit.o(.ARM.Collect$$libinit$$00000000) refers (Special) to libinit2.o(.ARM.Collect$$libinit$$0000000C) for __rt_lib_init_heap_1
    libinit.o(.ARM.Collect$$libinit$$00000000) refers (Special) to libinit2.o(.ARM.Collect$$libinit$$00000013) for __rt_lib_init_lc_collate_1
    libinit.o(.ARM.Collect$$libinit$$00000000) refers (Special) to libinit2.o(.ARM.Collect$$libinit$$00000015) for __rt_lib_init_lc_ctype_1
    libinit.o(.ARM.Collect$$libinit$$00000000) refers (Special) to libinit2.o(.ARM.Collect$$libinit$$00000017) for __rt_lib_init_lc_monetary_1
    libinit.o(.ARM.Collect$$libinit$$00000000) refers (Special) to libinit2.o(.ARM.Collect$$libinit$$00000019) for __rt_lib_init_lc_numeric_1
    libinit.o(.ARM.Collect$$libinit$$00000000) refers (Special) to libinit2.o(.ARM.Collect$$libinit$$0000001B) for __rt_lib_init_lc_time_1
    libinit.o(.ARM.Collect$$libinit$$00000000) refers (Special) to libinit2.o(.ARM.Collect$$libinit$$00000006) for __rt_lib_init_preinit_1
    libinit.o(.ARM.Collect$$libinit$$00000000) refers (Special) to libinit2.o(.ARM.Collect$$libinit$$00000010) for __rt_lib_init_rand_1
    libinit.o(.ARM.Collect$$libinit$$00000000) refers (Special) to libinit2.o(.ARM.Collect$$libinit$$00000004) for __rt_lib_init_relocate_pie_1
    libinit.o(.ARM.Collect$$libinit$$00000000) refers (Special) to libinit2.o(.ARM.Collect$$libinit$$00000035) for __rt_lib_init_return
    libinit.o(.ARM.Collect$$libinit$$00000000) refers (Special) to libinit2.o(.ARM.Collect$$libinit$$0000001F) for __rt_lib_init_signal_1
    libinit.o(.ARM.Collect$$libinit$$00000000) refers (Special) to libinit2.o(.ARM.Collect$$libinit$$00000027) for __rt_lib_init_stdio_1
    libinit.o(.ARM.Collect$$libinit$$00000000) refers (Special) to libinit2.o(.ARM.Collect$$libinit$$0000000E) for __rt_lib_init_user_alloc_1
    libspace.o(.text) refers to libspace.o(.bss) for __libspace_start
    rtexit.o(.ARM.Collect$$rtexit$$00000000) refers (Special) to rtexit2.o(.ARM.Collect$$rtexit$$00000004) for __rt_exit_exit
    rtexit.o(.ARM.Collect$$rtexit$$00000000) refers (Special) to rtexit2.o(.ARM.Collect$$rtexit$$00000003) for __rt_exit_ls
    rtexit.o(.ARM.Collect$$rtexit$$00000000) refers (Special) to rtexit2.o(.ARM.Collect$$rtexit$$00000002) for __rt_exit_prels_1
    rtexit.o(.ARM.exidx) refers (Special) to rtexit2.o(.ARM.Collect$$rtexit$$00000004) for __rt_exit_exit
    rtexit.o(.ARM.exidx) refers (Special) to rtexit2.o(.ARM.Collect$$rtexit$$00000003) for __rt_exit_ls
    rtexit.o(.ARM.exidx) refers (Special) to rtexit2.o(.ARM.Collect$$rtexit$$00000002) for __rt_exit_prels_1
    rtexit.o(.ARM.exidx) refers to rtexit.o(.ARM.Collect$$rtexit$$00000000) for .ARM.Collect$$rtexit$$00000000
    libinit2.o(.ARM.Collect$$libinit$$00000001) refers to fpinit.o(x$fpl$fpinit) for _fp_init
    libinit2.o(.ARM.Collect$$libinit$$00000012) refers to libinit2.o(.ARM.Collect$$libinit$$00000011) for .ARM.Collect$$libinit$$00000011
    libinit2.o(.ARM.Collect$$libinit$$00000014) refers to libinit2.o(.ARM.Collect$$libinit$$00000011) for .ARM.Collect$$libinit$$00000011
    libinit2.o(.ARM.Collect$$libinit$$00000016) refers to libinit2.o(.ARM.Collect$$libinit$$00000011) for .ARM.Collect$$libinit$$00000011
    libinit2.o(.ARM.Collect$$libinit$$00000018) refers to libinit2.o(.ARM.Collect$$libinit$$00000011) for .ARM.Collect$$libinit$$00000011
    libinit2.o(.ARM.Collect$$libinit$$0000001A) refers to libinit2.o(.ARM.Collect$$libinit$$00000011) for .ARM.Collect$$libinit$$00000011
    libinit2.o(.ARM.Collect$$libinit$$00000028) refers to argv_veneer.o(.emb_text) for __ARM_argv_veneer
    libinit2.o(.ARM.Collect$$libinit$$00000029) refers to argv_veneer.o(.emb_text) for __ARM_argv_veneer
    rtexit2.o(.ARM.Collect$$rtexit$$00000003) refers to libshutdown.o(.ARM.Collect$$libshutdown$$00000000) for __rt_lib_shutdown
    rtexit2.o(.ARM.Collect$$rtexit$$00000004) refers to sys_exit.o(.text) for _sys_exit
    rtexit2.o(.ARM.exidx) refers to rtexit2.o(.ARM.Collect$$rtexit$$00000001) for .ARM.Collect$$rtexit$$00000001
    rtexit2.o(.ARM.exidx) refers to rtexit2.o(.ARM.Collect$$rtexit$$00000003) for .ARM.Collect$$rtexit$$00000003
    rtexit2.o(.ARM.exidx) refers to rtexit2.o(.ARM.Collect$$rtexit$$00000004) for .ARM.Collect$$rtexit$$00000004
    argv_veneer.o(.emb_text) refers to no_argv.o(.text) for __ARM_get_argv
    sys_exit.o(.text) refers (Special) to use_no_semi.o(.text) for __I$use$semihosting
    sys_exit.o(.text) refers (Special) to indicate_semi.o(.text) for __semihosting_library_function
    sys_exit_hlt.o(.text) refers (Special) to use_no_semi.o(.text) for __I$use$semihosting
    sys_exit_hlt.o(.text) refers (Special) to indicate_semi.o(.text) for __semihosting_library_function
    _get_argv_nomalloc.o(.text) refers (Special) to hrguard.o(.text) for __heap_region$guard
    _get_argv_nomalloc.o(.text) refers to defsig_rtmem_outer.o(.text) for __rt_SIGRTMEM
    _get_argv_nomalloc.o(.text) refers to sys_command.o(.text) for _sys_command_string
    libshutdown.o(.ARM.Collect$$libshutdown$$00000000) refers (Special) to libshutdown2.o(.ARM.Collect$$libshutdown$$00000002) for __rt_lib_shutdown_cpp_1
    libshutdown.o(.ARM.Collect$$libshutdown$$00000000) refers (Special) to libshutdown2.o(.ARM.Collect$$libshutdown$$00000007) for __rt_lib_shutdown_fp_trap_1
    libshutdown.o(.ARM.Collect$$libshutdown$$00000000) refers (Special) to libshutdown2.o(.ARM.Collect$$libshutdown$$0000000F) for __rt_lib_shutdown_heap_1
    libshutdown.o(.ARM.Collect$$libshutdown$$00000000) refers (Special) to libshutdown2.o(.ARM.Collect$$libshutdown$$00000010) for __rt_lib_shutdown_return
    libshutdown.o(.ARM.Collect$$libshutdown$$00000000) refers (Special) to libshutdown2.o(.ARM.Collect$$libshutdown$$0000000A) for __rt_lib_shutdown_signal_1
    libshutdown.o(.ARM.Collect$$libshutdown$$00000000) refers (Special) to libshutdown2.o(.ARM.Collect$$libshutdown$$00000004) for __rt_lib_shutdown_stdio_1
    libshutdown.o(.ARM.Collect$$libshutdown$$00000000) refers (Special) to libshutdown2.o(.ARM.Collect$$libshutdown$$0000000C) for __rt_lib_shutdown_user_alloc_1
    sys_command.o(.text) refers (Special) to use_no_semi.o(.text) for __I$use$semihosting
    sys_command.o(.text) refers (Special) to indicate_semi.o(.text) for __semihosting_library_function
    sys_command_hlt.o(.text) refers (Special) to use_no_semi.o(.text) for __I$use$semihosting
    sys_command_hlt.o(.text) refers (Special) to indicate_semi.o(.text) for __semihosting_library_function
    defsig_rtmem_outer.o(.text) refers to defsig_rtmem_inner.o(.text) for __rt_SIGRTMEM_inner
    defsig_rtmem_outer.o(.text) refers to defsig_exit.o(.text) for __sig_exit
    defsig_rtmem_formal.o(.text) refers to rt_raise.o(.text) for __rt_raise
    rt_raise.o(.text) refers to __raise.o(.text) for __raise
    rt_raise.o(.text) refers to sys_exit.o(.text) for _sys_exit
    defsig_exit.o(.text) refers to sys_exit.o(.text) for _sys_exit
    defsig_rtmem_inner.o(.text) refers to defsig_general.o(.text) for __default_signal_display
    __raise.o(.text) refers to defsig.o(CL$$defsig) for __default_signal_handler
    defsig_general.o(.text) refers to sys_wrch.o(.text) for _ttywrch
    sys_wrch.o(.text) refers (Special) to use_no_semi.o(.text) for __I$use$semihosting
    sys_wrch.o(.text) refers (Special) to indicate_semi.o(.text) for __semihosting_library_function
    sys_wrch_hlt.o(.text) refers (Special) to use_no_semi.o(.text) for __I$use$semihosting
    sys_wrch_hlt.o(.text) refers (Special) to indicate_semi.o(.text) for __semihosting_library_function
    defsig.o(CL$$defsig) refers to defsig_rtmem_inner.o(.text) for __rt_SIGRTMEM_inner
    defsig_abrt_inner.o(.text) refers to defsig_general.o(.text) for __default_signal_display
    defsig_fpe_inner.o(.text) refers to defsig_general.o(.text) for __default_signal_display
    defsig_rtred_inner.o(.text) refers to defsig_general.o(.text) for __default_signal_display
    defsig_stak_inner.o(.text) refers to defsig_general.o(.text) for __default_signal_display
    defsig_pvfn_inner.o(.text) refers to defsig_general.o(.text) for __default_signal_display
    defsig_cppl_inner.o(.text) refers to defsig_general.o(.text) for __default_signal_display
    defsig_segv_inner.o(.text) refers to defsig_general.o(.text) for __default_signal_display
    defsig_other.o(.text) refers to defsig_general.o(.text) for __default_signal_display


==============================================================================

Removing Unused input sections from the image.

    Removing main.o(.text), (0 bytes).
    Removing main.o(.ARM.exidx.text.main), (8 bytes).
    Removing main.o(.ARM.use_no_argv), (4 bytes).
    Removing system_nrf5340_application.o(.text), (0 bytes).
    Removing system_nrf5340_application.o(.ARM.exidx.text.SystemCoreClockUpdate), (8 bytes).
    Removing system_nrf5340_application.o(.ARM.exidx.text.SystemInit), (8 bytes).
    Removing system_nrf5340_application.o(.ARM.exidx.text.nrf53_errata_97), (8 bytes).
    Removing system_nrf5340_application.o(.ARM.exidx.text.nrf53_errata_64), (8 bytes).
    Removing system_nrf5340_application.o(.ARM.exidx.text.nrf53_errata_42), (8 bytes).
    Removing system_nrf5340_application.o(.ARM.exidx.text.nrf53_errata_46), (8 bytes).
    Removing system_nrf5340_application.o(.ARM.exidx.text.nrf53_errata_49), (8 bytes).
    Removing system_nrf5340_application.o(.ARM.exidx.text.nrf53_errata_55), (8 bytes).
    Removing system_nrf5340_application.o(.ARM.exidx.text.nrf53_errata_69), (8 bytes).
    Removing system_nrf5340_application.o(.ARM.exidx.text.nrf53_handle_approtect), (8 bytes).
    Removing system_nrf5340_application.o(.ARM.exidx.text.SystemStoreFICRNS), (8 bytes).
    Removing system_nrf5340_application.o(.text.SystemLockFICRNS), (46 bytes).
    Removing system_nrf5340_application.o(.ARM.exidx.text.SystemLockFICRNS), (8 bytes).

17 unused section(s) (total 154 bytes) removed from the image.

==============================================================================

Image Symbol Table

    Local Symbols

    Symbol Name                              Value     Ov Type        Size  Object(Section)

    ../clib/angel/boardlib.s                 0x00000000   Number         0  boardinit1.o ABSOLUTE
    ../clib/angel/boardlib.s                 0x00000000   Number         0  boardinit2.o ABSOLUTE
    ../clib/angel/boardlib.s                 0x00000000   Number         0  boardinit3.o ABSOLUTE
    ../clib/angel/boardlib.s                 0x00000000   Number         0  boardshut.o ABSOLUTE
    ../clib/angel/handlers.s                 0x00000000   Number         0  __scatter_copy.o ABSOLUTE
    ../clib/angel/handlers.s                 0x00000000   Number         0  __scatter_zi.o ABSOLUTE
    ../clib/angel/kernel.s                   0x00000000   Number         0  __rtentry.o ABSOLUTE
    ../clib/angel/kernel.s                   0x00000000   Number         0  __rtentry2.o ABSOLUTE
    ../clib/angel/kernel.s                   0x00000000   Number         0  __rtentry4.o ABSOLUTE
    ../clib/angel/kernel.s                   0x00000000   Number         0  rtexit.o ABSOLUTE
    ../clib/angel/kernel.s                   0x00000000   Number         0  rtexit2.o ABSOLUTE
    ../clib/angel/rt.s                       0x00000000   Number         0  rt_raise.o ABSOLUTE
    ../clib/angel/scatter.s                  0x00000000   Number         0  __scatter.o ABSOLUTE
    ../clib/angel/startup.s                  0x00000000   Number         0  __main.o ABSOLUTE
    ../clib/angel/sys.s                      0x00000000   Number         0  sys_stackheap_outer.o ABSOLUTE
    ../clib/angel/sys.s                      0x00000000   Number         0  libspace.o ABSOLUTE
    ../clib/angel/sys.s                      0x00000000   Number         0  use_no_semi.o ABSOLUTE
    ../clib/angel/sys.s                      0x00000000   Number         0  indicate_semi.o ABSOLUTE
    ../clib/angel/sysapp.c                   0x00000000   Number         0  sys_exit.o ABSOLUTE
    ../clib/angel/sysapp.c                   0x00000000   Number         0  sys_exit_hlt.o ABSOLUTE
    ../clib/angel/sysapp.c                   0x00000000   Number         0  sys_command.o ABSOLUTE
    ../clib/angel/sysapp.c                   0x00000000   Number         0  sys_command_hlt.o ABSOLUTE
    ../clib/angel/sysapp.c                   0x00000000   Number         0  sys_wrch.o ABSOLUTE
    ../clib/angel/sysapp.c                   0x00000000   Number         0  sys_wrch_hlt.o ABSOLUTE
    ../clib/armsys.c                         0x00000000   Number         0  argv_veneer.o ABSOLUTE
    ../clib/armsys.c                         0x00000000   Number         0  argv_veneer.o ABSOLUTE
    ../clib/armsys.c                         0x00000000   Number         0  _get_argv_nomalloc.o ABSOLUTE
    ../clib/armsys.c                         0x00000000   Number         0  no_argv.o ABSOLUTE
    ../clib/heapalloc.c                      0x00000000   Number         0  hrguard.o ABSOLUTE
    ../clib/heapaux.c                        0x00000000   Number         0  heapauxi.o ABSOLUTE
    ../clib/libinit.s                        0x00000000   Number         0  libinit.o ABSOLUTE
    ../clib/libinit.s                        0x00000000   Number         0  libinit2.o ABSOLUTE
    ../clib/libinit.s                        0x00000000   Number         0  libshutdown.o ABSOLUTE
    ../clib/libinit.s                        0x00000000   Number         0  libshutdown2.o ABSOLUTE
    ../clib/signal.c                         0x00000000   Number         0  defsig_rtmem_outer.o ABSOLUTE
    ../clib/signal.c                         0x00000000   Number         0  defsig_rtmem_formal.o ABSOLUTE
    ../clib/signal.c                         0x00000000   Number         0  defsig_exit.o ABSOLUTE
    ../clib/signal.c                         0x00000000   Number         0  defsig_rtmem_inner.o ABSOLUTE
    ../clib/signal.c                         0x00000000   Number         0  __raise.o ABSOLUTE
    ../clib/signal.c                         0x00000000   Number         0  defsig_general.o ABSOLUTE
    ../clib/signal.c                         0x00000000   Number         0  defsig_abrt_inner.o ABSOLUTE
    ../clib/signal.c                         0x00000000   Number         0  defsig_fpe_inner.o ABSOLUTE
    ../clib/signal.c                         0x00000000   Number         0  defsig_rtred_inner.o ABSOLUTE
    ../clib/signal.c                         0x00000000   Number         0  defsig_stak_inner.o ABSOLUTE
    ../clib/signal.c                         0x00000000   Number         0  defsig_pvfn_inner.o ABSOLUTE
    ../clib/signal.c                         0x00000000   Number         0  defsig_cppl_inner.o ABSOLUTE
    ../clib/signal.c                         0x00000000   Number         0  defsig_segv_inner.o ABSOLUTE
    ../clib/signal.c                         0x00000000   Number         0  defsig_other.o ABSOLUTE
    ../clib/signal.s                         0x00000000   Number         0  defsig.o ABSOLUTE
    ../clib/stdlib.c                         0x00000000   Number         0  exit.o ABSOLUTE
    ../fplib/fpinit.s                        0x00000000   Number         0  fpinit.o ABSOLUTE
    RTE/Device/nRF5340_xxAA_Application/arm_startup_nrf5340_application.s 0x00000000   Number         0  arm_startup_nrf5340_application.o ABSOLUTE
    dc.s                                     0x00000000   Number         0  dc.o ABSOLUTE
    main.c                                   0x00000000   Number         0  main.o ABSOLUTE
    system_nrf5340_application.c             0x00000000   Number         0  system_nrf5340_application.o ABSOLUTE
    RESET                                    0x00000000   Section     1024  arm_startup_nrf5340_application.o(RESET)
    !!!main                                  0x00000400   Section        8  __main.o(!!!main)
    !!!scatter                               0x00000408   Section       52  __scatter.o(!!!scatter)
    !!handler_copy                           0x0000043c   Section       26  __scatter_copy.o(!!handler_copy)
    !!handler_zi                             0x00000458   Section       28  __scatter_zi.o(!!handler_zi)
    .ARM.Collect$$libinit$$00000000          0x00000474   Section        2  libinit.o(.ARM.Collect$$libinit$$00000000)
    .ARM.Collect$$libinit$$00000001          0x00000476   Section        4  libinit2.o(.ARM.Collect$$libinit$$00000001)
    .ARM.Collect$$libinit$$00000004          0x0000047a   Section        0  libinit2.o(.ARM.Collect$$libinit$$00000004)
    .ARM.Collect$$libinit$$00000006          0x0000047a   Section        0  libinit2.o(.ARM.Collect$$libinit$$00000006)
    .ARM.Collect$$libinit$$0000000C          0x0000047a   Section        0  libinit2.o(.ARM.Collect$$libinit$$0000000C)
    .ARM.Collect$$libinit$$0000000E          0x0000047a   Section        0  libinit2.o(.ARM.Collect$$libinit$$0000000E)
    .ARM.Collect$$libinit$$00000010          0x0000047a   Section        0  libinit2.o(.ARM.Collect$$libinit$$00000010)
    .ARM.Collect$$libinit$$00000013          0x0000047a   Section        0  libinit2.o(.ARM.Collect$$libinit$$00000013)
    .ARM.Collect$$libinit$$00000015          0x0000047a   Section        0  libinit2.o(.ARM.Collect$$libinit$$00000015)
    .ARM.Collect$$libinit$$00000017          0x0000047a   Section        0  libinit2.o(.ARM.Collect$$libinit$$00000017)
    .ARM.Collect$$libinit$$00000019          0x0000047a   Section        0  libinit2.o(.ARM.Collect$$libinit$$00000019)
    .ARM.Collect$$libinit$$0000001B          0x0000047a   Section        0  libinit2.o(.ARM.Collect$$libinit$$0000001B)
    .ARM.Collect$$libinit$$0000001D          0x0000047a   Section        0  libinit2.o(.ARM.Collect$$libinit$$0000001D)
    .ARM.Collect$$libinit$$0000001F          0x0000047a   Section        0  libinit2.o(.ARM.Collect$$libinit$$0000001F)
    .ARM.Collect$$libinit$$00000021          0x0000047a   Section        0  libinit2.o(.ARM.Collect$$libinit$$00000021)
    .ARM.Collect$$libinit$$00000023          0x0000047a   Section        0  libinit2.o(.ARM.Collect$$libinit$$00000023)
    .ARM.Collect$$libinit$$00000025          0x0000047a   Section        0  libinit2.o(.ARM.Collect$$libinit$$00000025)
    .ARM.Collect$$libinit$$00000027          0x0000047a   Section        0  libinit2.o(.ARM.Collect$$libinit$$00000027)
    .ARM.Collect$$libinit$$0000002E          0x0000047a   Section        0  libinit2.o(.ARM.Collect$$libinit$$0000002E)
    .ARM.Collect$$libinit$$00000030          0x0000047a   Section        0  libinit2.o(.ARM.Collect$$libinit$$00000030)
    .ARM.Collect$$libinit$$00000032          0x0000047a   Section        0  libinit2.o(.ARM.Collect$$libinit$$00000032)
    .ARM.Collect$$libinit$$00000034          0x0000047a   Section        0  libinit2.o(.ARM.Collect$$libinit$$00000034)
    .ARM.Collect$$libinit$$00000035          0x0000047a   Section        2  libinit2.o(.ARM.Collect$$libinit$$00000035)
    .ARM.Collect$$libshutdown$$00000000      0x0000047c   Section        2  libshutdown.o(.ARM.Collect$$libshutdown$$00000000)
    .ARM.Collect$$libshutdown$$00000002      0x0000047e   Section        0  libshutdown2.o(.ARM.Collect$$libshutdown$$00000002)
    .ARM.Collect$$libshutdown$$00000004      0x0000047e   Section        0  libshutdown2.o(.ARM.Collect$$libshutdown$$00000004)
    .ARM.Collect$$libshutdown$$00000007      0x0000047e   Section        0  libshutdown2.o(.ARM.Collect$$libshutdown$$00000007)
    .ARM.Collect$$libshutdown$$0000000A      0x0000047e   Section        0  libshutdown2.o(.ARM.Collect$$libshutdown$$0000000A)
    .ARM.Collect$$libshutdown$$0000000C      0x0000047e   Section        0  libshutdown2.o(.ARM.Collect$$libshutdown$$0000000C)
    .ARM.Collect$$libshutdown$$0000000F      0x0000047e   Section        0  libshutdown2.o(.ARM.Collect$$libshutdown$$0000000F)
    .ARM.Collect$$libshutdown$$00000010      0x0000047e   Section        2  libshutdown2.o(.ARM.Collect$$libshutdown$$00000010)
    .ARM.Collect$$rtentry$$00000000          0x00000480   Section        0  __rtentry.o(.ARM.Collect$$rtentry$$00000000)
    .ARM.Collect$$rtentry$$00000002          0x00000480   Section        0  __rtentry2.o(.ARM.Collect$$rtentry$$00000002)
    .ARM.Collect$$rtentry$$00000004          0x00000480   Section        6  __rtentry4.o(.ARM.Collect$$rtentry$$00000004)
    .ARM.Collect$$rtentry$$00000009          0x00000486   Section        0  __rtentry2.o(.ARM.Collect$$rtentry$$00000009)
    .ARM.Collect$$rtentry$$0000000A          0x00000486   Section        4  __rtentry2.o(.ARM.Collect$$rtentry$$0000000A)
    .ARM.Collect$$rtentry$$0000000C          0x0000048a   Section        0  __rtentry2.o(.ARM.Collect$$rtentry$$0000000C)
    .ARM.Collect$$rtentry$$0000000D          0x0000048a   Section        8  __rtentry2.o(.ARM.Collect$$rtentry$$0000000D)
    .ARM.Collect$$rtexit$$00000000           0x00000492   Section        2  rtexit.o(.ARM.Collect$$rtexit$$00000000)
    .ARM.Collect$$rtexit$$00000002           0x00000494   Section        0  rtexit2.o(.ARM.Collect$$rtexit$$00000002)
    .ARM.Collect$$rtexit$$00000003           0x00000494   Section        4  rtexit2.o(.ARM.Collect$$rtexit$$00000003)
    .ARM.Collect$$rtexit$$00000004           0x00000498   Section        6  rtexit2.o(.ARM.Collect$$rtexit$$00000004)
    $v0                                      0x000004a0   Number         0  arm_startup_nrf5340_application.o(.text)
    .text                                    0x000004a0   Section       68  arm_startup_nrf5340_application.o(.text)
    .text                                    0x000004e4   Section        0  heapauxi.o(.text)
    .text                                    0x000004ea   Section       74  sys_stackheap_outer.o(.text)
    .text                                    0x00000534   Section        0  exit.o(.text)
    .text                                    0x00000548   Section        8  libspace.o(.text)
    .text                                    0x00000550   Section        0  sys_exit.o(.text)
    .text                                    0x0000055c   Section        2  use_no_semi.o(.text)
    .text                                    0x0000055e   Section        0  indicate_semi.o(.text)
    [Anonymous Symbol]                       0x00000560   Section        0  system_nrf5340_application.o(.text.SystemCoreClockUpdate)
    [Anonymous Symbol]                       0x00000584   Section        0  system_nrf5340_application.o(.text.SystemInit)
    [Anonymous Symbol]                       0x00000724   Section        0  system_nrf5340_application.o(.text.SystemStoreFICRNS)
    [Anonymous Symbol]                       0x0000077c   Section        0  main.o(.text.main)
    nrf53_errata_42                          0x00000789   Thumb Code   112  system_nrf5340_application.o(.text.nrf53_errata_42)
    [Anonymous Symbol]                       0x00000788   Section        0  system_nrf5340_application.o(.text.nrf53_errata_42)
    nrf53_errata_46                          0x000007f9   Thumb Code   112  system_nrf5340_application.o(.text.nrf53_errata_46)
    [Anonymous Symbol]                       0x000007f8   Section        0  system_nrf5340_application.o(.text.nrf53_errata_46)
    nrf53_errata_49                          0x00000869   Thumb Code   112  system_nrf5340_application.o(.text.nrf53_errata_49)
    [Anonymous Symbol]                       0x00000868   Section        0  system_nrf5340_application.o(.text.nrf53_errata_49)
    nrf53_errata_55                          0x000008d9   Thumb Code   112  system_nrf5340_application.o(.text.nrf53_errata_55)
    [Anonymous Symbol]                       0x000008d8   Section        0  system_nrf5340_application.o(.text.nrf53_errata_55)
    nrf53_errata_64                          0x00000949   Thumb Code   112  system_nrf5340_application.o(.text.nrf53_errata_64)
    [Anonymous Symbol]                       0x00000948   Section        0  system_nrf5340_application.o(.text.nrf53_errata_64)
    nrf53_errata_69                          0x000009b9   Thumb Code   112  system_nrf5340_application.o(.text.nrf53_errata_69)
    [Anonymous Symbol]                       0x000009b8   Section        0  system_nrf5340_application.o(.text.nrf53_errata_69)
    nrf53_errata_97                          0x00000a29   Thumb Code   112  system_nrf5340_application.o(.text.nrf53_errata_97)
    [Anonymous Symbol]                       0x00000a28   Section        0  system_nrf5340_application.o(.text.nrf53_errata_97)
    nrf53_handle_approtect                   0x00000a99   Thumb Code    42  system_nrf5340_application.o(.text.nrf53_handle_approtect)
    [Anonymous Symbol]                       0x00000a98   Section        0  system_nrf5340_application.o(.text.nrf53_handle_approtect)
    $v0                                      0x00000ac2   Number         0  fpinit.o(x$fpl$fpinit)
    x$fpl$fpinit                             0x00000ac2   Section       26  fpinit.o(x$fpl$fpinit)
    __tagsym$$used.0                         0x20000000   Number         0  system_nrf5340_application.o(.data.SystemCoreClock)
    .bss                                     0x20000008   Section       96  libspace.o(.bss)
    Heap_Mem                                 0x20000068   Data       16384  arm_startup_nrf5340_application.o(HEAP)
    HEAP                                     0x20000068   Section    16384  arm_startup_nrf5340_application.o(HEAP)
    Stack_Mem                                0x20004068   Data       16384  arm_startup_nrf5340_application.o(STACK)
    STACK                                    0x20004068   Section    16384  arm_startup_nrf5340_application.o(STACK)
    __initial_sp                             0x20008068   Data           0  arm_startup_nrf5340_application.o(STACK)

    Global Symbols

    Symbol Name                              Value     Ov Type        Size  Object(Section)

    BuildAttributes$$THM_ISAv4$E$P$D$K$B$S$7EM$8M$VFPi5$EXTD16$VFPS$VFMA$PE$A:L22UL41UL21$X:L11$S22US41US21$IEEE1$IW$~IW$USESV6$~STKCKD$USESV7$~SHL$OSPACE$ROPI$EBA8$UX$STANDARDLIB$REQ8$PRES8$EABIv2 0x00000000   Number         0  anon$$obj.o ABSOLUTE
    __Vectors                                0x00000000   Data           4  arm_startup_nrf5340_application.o(RESET)
    __ARM_exceptions_init                     - Undefined Weak Reference
    __alloca_initialize                       - Undefined Weak Reference
    __arm_preinit_                            - Undefined Weak Reference
    __arm_relocate_pie_                       - Undefined Weak Reference
    __cpp_initialize__aeabi_                  - Undefined Weak Reference
    __cxa_finalize                            - Undefined Weak Reference
    __rt_locale                               - Undefined Weak Reference
    __sigvec_lookup                           - Undefined Weak Reference
    _atexit_init                              - Undefined Weak Reference
    _call_atexit_fns                          - Undefined Weak Reference
    _clock_init                               - Undefined Weak Reference
    _fp_trap_init                             - Undefined Weak Reference
    _fp_trap_shutdown                         - Undefined Weak Reference
    _get_lc_collate                           - Undefined Weak Reference
    _get_lc_ctype                             - Undefined Weak Reference
    _get_lc_monetary                          - Undefined Weak Reference
    _get_lc_numeric                           - Undefined Weak Reference
    _get_lc_time                              - Undefined Weak Reference
    _getenv_init                              - Undefined Weak Reference
    _handle_redirection                       - Undefined Weak Reference
    _init_alloc                               - Undefined Weak Reference
    _init_user_alloc                          - Undefined Weak Reference
    _initio                                   - Undefined Weak Reference
    _rand_init                                - Undefined Weak Reference
    _signal_finish                            - Undefined Weak Reference
    _signal_init                              - Undefined Weak Reference
    _terminate_alloc                          - Undefined Weak Reference
    _terminate_user_alloc                     - Undefined Weak Reference
    _terminateio                              - Undefined Weak Reference
    __Vectors_End                            0x00000400   Data           0  arm_startup_nrf5340_application.o(RESET)
    __Vectors_Size                           0x00000400   Number         0  arm_startup_nrf5340_application.o ABSOLUTE
    __main                                   0x00000401   Thumb Code     8  __main.o(!!!main)
    __scatterload                            0x00000409   Thumb Code     0  __scatter.o(!!!scatter)
    __scatterload_rt2                        0x00000409   Thumb Code    44  __scatter.o(!!!scatter)
    __scatterload_rt2_thumb_only             0x00000409   Thumb Code     0  __scatter.o(!!!scatter)
    __scatterload_null                       0x00000417   Thumb Code     0  __scatter.o(!!!scatter)
    __scatterload_copy                       0x0000043d   Thumb Code    26  __scatter_copy.o(!!handler_copy)
    __scatterload_zeroinit                   0x00000459   Thumb Code    28  __scatter_zi.o(!!handler_zi)
    __rt_lib_init                            0x00000475   Thumb Code     0  libinit.o(.ARM.Collect$$libinit$$00000000)
    __rt_lib_init_fp_1                       0x00000477   Thumb Code     0  libinit2.o(.ARM.Collect$$libinit$$00000001)
    __rt_lib_init_alloca_1                   0x0000047b   Thumb Code     0  libinit2.o(.ARM.Collect$$libinit$$00000030)
    __rt_lib_init_argv_1                     0x0000047b   Thumb Code     0  libinit2.o(.ARM.Collect$$libinit$$0000002E)
    __rt_lib_init_atexit_1                   0x0000047b   Thumb Code     0  libinit2.o(.ARM.Collect$$libinit$$0000001D)
    __rt_lib_init_clock_1                    0x0000047b   Thumb Code     0  libinit2.o(.ARM.Collect$$libinit$$00000023)
    __rt_lib_init_cpp_1                      0x0000047b   Thumb Code     0  libinit2.o(.ARM.Collect$$libinit$$00000034)
    __rt_lib_init_exceptions_1               0x0000047b   Thumb Code     0  libinit2.o(.ARM.Collect$$libinit$$00000032)
    __rt_lib_init_fp_trap_1                  0x0000047b   Thumb Code     0  libinit2.o(.ARM.Collect$$libinit$$00000021)
    __rt_lib_init_getenv_1                   0x0000047b   Thumb Code     0  libinit2.o(.ARM.Collect$$libinit$$00000025)
    __rt_lib_init_heap_1                     0x0000047b   Thumb Code     0  libinit2.o(.ARM.Collect$$libinit$$0000000C)
    __rt_lib_init_lc_collate_1               0x0000047b   Thumb Code     0  libinit2.o(.ARM.Collect$$libinit$$00000013)
    __rt_lib_init_lc_ctype_1                 0x0000047b   Thumb Code     0  libinit2.o(.ARM.Collect$$libinit$$00000015)
    __rt_lib_init_lc_monetary_1              0x0000047b   Thumb Code     0  libinit2.o(.ARM.Collect$$libinit$$00000017)
    __rt_lib_init_lc_numeric_1               0x0000047b   Thumb Code     0  libinit2.o(.ARM.Collect$$libinit$$00000019)
    __rt_lib_init_lc_time_1                  0x0000047b   Thumb Code     0  libinit2.o(.ARM.Collect$$libinit$$0000001B)
    __rt_lib_init_preinit_1                  0x0000047b   Thumb Code     0  libinit2.o(.ARM.Collect$$libinit$$00000006)
    __rt_lib_init_rand_1                     0x0000047b   Thumb Code     0  libinit2.o(.ARM.Collect$$libinit$$00000010)
    __rt_lib_init_relocate_pie_1             0x0000047b   Thumb Code     0  libinit2.o(.ARM.Collect$$libinit$$00000004)
    __rt_lib_init_return                     0x0000047b   Thumb Code     0  libinit2.o(.ARM.Collect$$libinit$$00000035)
    __rt_lib_init_signal_1                   0x0000047b   Thumb Code     0  libinit2.o(.ARM.Collect$$libinit$$0000001F)
    __rt_lib_init_stdio_1                    0x0000047b   Thumb Code     0  libinit2.o(.ARM.Collect$$libinit$$00000027)
    __rt_lib_init_user_alloc_1               0x0000047b   Thumb Code     0  libinit2.o(.ARM.Collect$$libinit$$0000000E)
    __rt_lib_shutdown                        0x0000047d   Thumb Code     0  libshutdown.o(.ARM.Collect$$libshutdown$$00000000)
    __rt_lib_shutdown_cpp_1                  0x0000047f   Thumb Code     0  libshutdown2.o(.ARM.Collect$$libshutdown$$00000002)
    __rt_lib_shutdown_fp_trap_1              0x0000047f   Thumb Code     0  libshutdown2.o(.ARM.Collect$$libshutdown$$00000007)
    __rt_lib_shutdown_heap_1                 0x0000047f   Thumb Code     0  libshutdown2.o(.ARM.Collect$$libshutdown$$0000000F)
    __rt_lib_shutdown_return                 0x0000047f   Thumb Code     0  libshutdown2.o(.ARM.Collect$$libshutdown$$00000010)
    __rt_lib_shutdown_signal_1               0x0000047f   Thumb Code     0  libshutdown2.o(.ARM.Collect$$libshutdown$$0000000A)
    __rt_lib_shutdown_stdio_1                0x0000047f   Thumb Code     0  libshutdown2.o(.ARM.Collect$$libshutdown$$00000004)
    __rt_lib_shutdown_user_alloc_1           0x0000047f   Thumb Code     0  libshutdown2.o(.ARM.Collect$$libshutdown$$0000000C)
    __rt_entry                               0x00000481   Thumb Code     0  __rtentry.o(.ARM.Collect$$rtentry$$00000000)
    __rt_entry_presh_1                       0x00000481   Thumb Code     0  __rtentry2.o(.ARM.Collect$$rtentry$$00000002)
    __rt_entry_sh                            0x00000481   Thumb Code     0  __rtentry4.o(.ARM.Collect$$rtentry$$00000004)
    __rt_entry_li                            0x00000487   Thumb Code     0  __rtentry2.o(.ARM.Collect$$rtentry$$0000000A)
    __rt_entry_postsh_1                      0x00000487   Thumb Code     0  __rtentry2.o(.ARM.Collect$$rtentry$$00000009)
    __rt_entry_main                          0x0000048b   Thumb Code     0  __rtentry2.o(.ARM.Collect$$rtentry$$0000000D)
    __rt_entry_postli_1                      0x0000048b   Thumb Code     0  __rtentry2.o(.ARM.Collect$$rtentry$$0000000C)
    __rt_exit                                0x00000493   Thumb Code     0  rtexit.o(.ARM.Collect$$rtexit$$00000000)
    __rt_exit_ls                             0x00000495   Thumb Code     0  rtexit2.o(.ARM.Collect$$rtexit$$00000003)
    __rt_exit_prels_1                        0x00000495   Thumb Code     0  rtexit2.o(.ARM.Collect$$rtexit$$00000002)
    __rt_exit_exit                           0x00000499   Thumb Code     0  rtexit2.o(.ARM.Collect$$rtexit$$00000004)
    Reset_Handler                            0x000004a1   Thumb Code     8  arm_startup_nrf5340_application.o(.text)
    NMI_Handler                              0x000004a9   Thumb Code     2  arm_startup_nrf5340_application.o(.text)
    HardFault_Handler                        0x000004ab   Thumb Code     2  arm_startup_nrf5340_application.o(.text)
    MemoryManagement_Handler                 0x000004ad   Thumb Code     2  arm_startup_nrf5340_application.o(.text)
    BusFault_Handler                         0x000004af   Thumb Code     2  arm_startup_nrf5340_application.o(.text)
    UsageFault_Handler                       0x000004b1   Thumb Code     2  arm_startup_nrf5340_application.o(.text)
    SecureFault_Handler                      0x000004b3   Thumb Code     2  arm_startup_nrf5340_application.o(.text)
    SVC_Handler                              0x000004b5   Thumb Code     2  arm_startup_nrf5340_application.o(.text)
    DebugMon_Handler                         0x000004b7   Thumb Code     2  arm_startup_nrf5340_application.o(.text)
    PendSV_Handler                           0x000004b9   Thumb Code     2  arm_startup_nrf5340_application.o(.text)
    SysTick_Handler                          0x000004bb   Thumb Code     2  arm_startup_nrf5340_application.o(.text)
    CACHE_IRQHandler                         0x000004bd   Thumb Code     0  arm_startup_nrf5340_application.o(.text)
    CLOCK_POWER_IRQHandler                   0x000004bd   Thumb Code     0  arm_startup_nrf5340_application.o(.text)
    COMP_LPCOMP_IRQHandler                   0x000004bd   Thumb Code     0  arm_startup_nrf5340_application.o(.text)
    CRYPTOCELL_IRQHandler                    0x000004bd   Thumb Code     0  arm_startup_nrf5340_application.o(.text)
    EGU0_IRQHandler                          0x000004bd   Thumb Code     0  arm_startup_nrf5340_application.o(.text)
    EGU1_IRQHandler                          0x000004bd   Thumb Code     0  arm_startup_nrf5340_application.o(.text)
    EGU2_IRQHandler                          0x000004bd   Thumb Code     0  arm_startup_nrf5340_application.o(.text)
    EGU3_IRQHandler                          0x000004bd   Thumb Code     0  arm_startup_nrf5340_application.o(.text)
    EGU4_IRQHandler                          0x000004bd   Thumb Code     0  arm_startup_nrf5340_application.o(.text)
    EGU5_IRQHandler                          0x000004bd   Thumb Code     0  arm_startup_nrf5340_application.o(.text)
    FPU_IRQHandler                           0x000004bd   Thumb Code     0  arm_startup_nrf5340_application.o(.text)
    GPIOTE0_IRQHandler                       0x000004bd   Thumb Code     0  arm_startup_nrf5340_application.o(.text)
    GPIOTE1_IRQHandler                       0x000004bd   Thumb Code     0  arm_startup_nrf5340_application.o(.text)
    I2S0_IRQHandler                          0x000004bd   Thumb Code     0  arm_startup_nrf5340_application.o(.text)
    IPC_IRQHandler                           0x000004bd   Thumb Code     0  arm_startup_nrf5340_application.o(.text)
    KMU_IRQHandler                           0x000004bd   Thumb Code     0  arm_startup_nrf5340_application.o(.text)
    NFCT_IRQHandler                          0x000004bd   Thumb Code     0  arm_startup_nrf5340_application.o(.text)
    PDM0_IRQHandler                          0x000004bd   Thumb Code     0  arm_startup_nrf5340_application.o(.text)
    PWM0_IRQHandler                          0x000004bd   Thumb Code     0  arm_startup_nrf5340_application.o(.text)
    PWM1_IRQHandler                          0x000004bd   Thumb Code     0  arm_startup_nrf5340_application.o(.text)
    PWM2_IRQHandler                          0x000004bd   Thumb Code     0  arm_startup_nrf5340_application.o(.text)
    PWM3_IRQHandler                          0x000004bd   Thumb Code     0  arm_startup_nrf5340_application.o(.text)
    QDEC0_IRQHandler                         0x000004bd   Thumb Code     0  arm_startup_nrf5340_application.o(.text)
    QDEC1_IRQHandler                         0x000004bd   Thumb Code     0  arm_startup_nrf5340_application.o(.text)
    QSPI_IRQHandler                          0x000004bd   Thumb Code     0  arm_startup_nrf5340_application.o(.text)
    RTC0_IRQHandler                          0x000004bd   Thumb Code     0  arm_startup_nrf5340_application.o(.text)
    RTC1_IRQHandler                          0x000004bd   Thumb Code     0  arm_startup_nrf5340_application.o(.text)
    SAADC_IRQHandler                         0x000004bd   Thumb Code     0  arm_startup_nrf5340_application.o(.text)
    SERIAL0_IRQHandler                       0x000004bd   Thumb Code     0  arm_startup_nrf5340_application.o(.text)
    SERIAL1_IRQHandler                       0x000004bd   Thumb Code     0  arm_startup_nrf5340_application.o(.text)
    SERIAL2_IRQHandler                       0x000004bd   Thumb Code     0  arm_startup_nrf5340_application.o(.text)
    SERIAL3_IRQHandler                       0x000004bd   Thumb Code     0  arm_startup_nrf5340_application.o(.text)
    SPIM4_IRQHandler                         0x000004bd   Thumb Code     0  arm_startup_nrf5340_application.o(.text)
    SPU_IRQHandler                           0x000004bd   Thumb Code     0  arm_startup_nrf5340_application.o(.text)
    TIMER0_IRQHandler                        0x000004bd   Thumb Code     0  arm_startup_nrf5340_application.o(.text)
    TIMER1_IRQHandler                        0x000004bd   Thumb Code     0  arm_startup_nrf5340_application.o(.text)
    TIMER2_IRQHandler                        0x000004bd   Thumb Code     0  arm_startup_nrf5340_application.o(.text)
    USBD_IRQHandler                          0x000004bd   Thumb Code     0  arm_startup_nrf5340_application.o(.text)
    USBREGULATOR_IRQHandler                  0x000004bd   Thumb Code     0  arm_startup_nrf5340_application.o(.text)
    WDT0_IRQHandler                          0x000004bd   Thumb Code     0  arm_startup_nrf5340_application.o(.text)
    WDT1_IRQHandler                          0x000004bd   Thumb Code     0  arm_startup_nrf5340_application.o(.text)
    __user_initial_stackheap                 0x000004c1   Thumb Code    10  arm_startup_nrf5340_application.o(.text)
    __use_two_region_memory                  0x000004e5   Thumb Code     2  heapauxi.o(.text)
    __rt_heap_escrow$2region                 0x000004e7   Thumb Code     2  heapauxi.o(.text)
    __rt_heap_expand$2region                 0x000004e9   Thumb Code     2  heapauxi.o(.text)
    __user_setup_stackheap                   0x000004eb   Thumb Code    74  sys_stackheap_outer.o(.text)
    exit                                     0x00000535   Thumb Code    18  exit.o(.text)
    __user_libspace                          0x00000549   Thumb Code     8  libspace.o(.text)
    __user_perproc_libspace                  0x00000549   Thumb Code     0  libspace.o(.text)
    __user_perthread_libspace                0x00000549   Thumb Code     0  libspace.o(.text)
    _sys_exit                                0x00000551   Thumb Code     8  sys_exit.o(.text)
    __I$use$semihosting                      0x0000055d   Thumb Code     0  use_no_semi.o(.text)
    __use_no_semihosting_swi                 0x0000055d   Thumb Code     2  use_no_semi.o(.text)
    __semihosting_library_function           0x0000055f   Thumb Code     0  indicate_semi.o(.text)
    SystemCoreClockUpdate                    0x00000561   Thumb Code    36  system_nrf5340_application.o(.text.SystemCoreClockUpdate)
    SystemInit                               0x00000585   Thumb Code   416  system_nrf5340_application.o(.text.SystemInit)
    SystemStoreFICRNS                        0x00000725   Thumb Code    88  system_nrf5340_application.o(.text.SystemStoreFICRNS)
    main                                     0x0000077d   Thumb Code    10  main.o(.text.main)
    _fp_init                                 0x00000ac3   Thumb Code    26  fpinit.o(x$fpl$fpinit)
    __fplib_config_fpu_vfp                   0x00000adb   Thumb Code     0  fpinit.o(x$fpl$fpinit)
    __fplib_config_pureend_doubles           0x00000adb   Thumb Code     0  fpinit.o(x$fpl$fpinit)
    Region$$Table$$Base                      0x00000adc   Number         0  anon$$obj.o(Region$$Table)
    Region$$Table$$Limit                     0x00000afc   Number         0  anon$$obj.o(Region$$Table)
    SystemCoreClock                          0x20000000   Data           4  system_nrf5340_application.o(.data.SystemCoreClock)
    __libspace_start                         0x20000008   Data          96  libspace.o(.bss)
    __temporary_stack_top$libspace           0x20000068   Data           0  libspace.o(.bss)



==============================================================================

Memory Map of the image

  Image Entry point : 0x000004a1

  Load Region LR_1 (Base: 0x00000000, Size: 0x00000b00, Max: 0xffffffff, ABSOLUTE)

    Execution Region ER_RO (Exec base: 0x00000000, Load base: 0x00000000, Size: 0x00000afc, Max: 0xffffffff, ABSOLUTE)

    Exec Addr    Load Addr    Size         Type   Attr      Idx    E Section Name        Object

    0x00000000   0x00000000   0x00000400   Data   RO           12    RESET               arm_startup_nrf5340_application.o
    0x00000400   0x00000400   0x00000008   Code   RO           55  * !!!main             c_w.l(__main.o)
    0x00000408   0x00000408   0x00000034   Code   RO          220    !!!scatter          c_w.l(__scatter.o)
    0x0000043c   0x0000043c   0x0000001a   Code   RO          222    !!handler_copy      c_w.l(__scatter_copy.o)
    0x00000456   0x00000456   0x00000002   PAD
    0x00000458   0x00000458   0x0000001c   Code   RO          224    !!handler_zi        c_w.l(__scatter_zi.o)
    0x00000474   0x00000474   0x00000002   Code   RO           82    .ARM.Collect$$libinit$$00000000  c_w.l(libinit.o)
    0x00000476   0x00000476   0x00000004   Code   RO           88    .ARM.Collect$$libinit$$00000001  c_w.l(libinit2.o)
    0x0000047a   0x0000047a   0x00000000   Code   RO           91    .ARM.Collect$$libinit$$00000004  c_w.l(libinit2.o)
    0x0000047a   0x0000047a   0x00000000   Code   RO           93    .ARM.Collect$$libinit$$00000006  c_w.l(libinit2.o)
    0x0000047a   0x0000047a   0x00000000   Code   RO           96    .ARM.Collect$$libinit$$0000000C  c_w.l(libinit2.o)
    0x0000047a   0x0000047a   0x00000000   Code   RO           98    .ARM.Collect$$libinit$$0000000E  c_w.l(libinit2.o)
    0x0000047a   0x0000047a   0x00000000   Code   RO          100    .ARM.Collect$$libinit$$00000010  c_w.l(libinit2.o)
    0x0000047a   0x0000047a   0x00000000   Code   RO          103    .ARM.Collect$$libinit$$00000013  c_w.l(libinit2.o)
    0x0000047a   0x0000047a   0x00000000   Code   RO          105    .ARM.Collect$$libinit$$00000015  c_w.l(libinit2.o)
    0x0000047a   0x0000047a   0x00000000   Code   RO          107    .ARM.Collect$$libinit$$00000017  c_w.l(libinit2.o)
    0x0000047a   0x0000047a   0x00000000   Code   RO          109    .ARM.Collect$$libinit$$00000019  c_w.l(libinit2.o)
    0x0000047a   0x0000047a   0x00000000   Code   RO          111    .ARM.Collect$$libinit$$0000001B  c_w.l(libinit2.o)
    0x0000047a   0x0000047a   0x00000000   Code   RO          113    .ARM.Collect$$libinit$$0000001D  c_w.l(libinit2.o)
    0x0000047a   0x0000047a   0x00000000   Code   RO          115    .ARM.Collect$$libinit$$0000001F  c_w.l(libinit2.o)
    0x0000047a   0x0000047a   0x00000000   Code   RO          117    .ARM.Collect$$libinit$$00000021  c_w.l(libinit2.o)
    0x0000047a   0x0000047a   0x00000000   Code   RO          119    .ARM.Collect$$libinit$$00000023  c_w.l(libinit2.o)
    0x0000047a   0x0000047a   0x00000000   Code   RO          121    .ARM.Collect$$libinit$$00000025  c_w.l(libinit2.o)
    0x0000047a   0x0000047a   0x00000000   Code   RO          123    .ARM.Collect$$libinit$$00000027  c_w.l(libinit2.o)
    0x0000047a   0x0000047a   0x00000000   Code   RO          127    .ARM.Collect$$libinit$$0000002E  c_w.l(libinit2.o)
    0x0000047a   0x0000047a   0x00000000   Code   RO          129    .ARM.Collect$$libinit$$00000030  c_w.l(libinit2.o)
    0x0000047a   0x0000047a   0x00000000   Code   RO          131    .ARM.Collect$$libinit$$00000032  c_w.l(libinit2.o)
    0x0000047a   0x0000047a   0x00000000   Code   RO          133    .ARM.Collect$$libinit$$00000034  c_w.l(libinit2.o)
    0x0000047a   0x0000047a   0x00000002   Code   RO          134    .ARM.Collect$$libinit$$00000035  c_w.l(libinit2.o)
    0x0000047c   0x0000047c   0x00000002   Code   RO          156    .ARM.Collect$$libshutdown$$00000000  c_w.l(libshutdown.o)
    0x0000047e   0x0000047e   0x00000000   Code   RO          171    .ARM.Collect$$libshutdown$$00000002  c_w.l(libshutdown2.o)
    0x0000047e   0x0000047e   0x00000000   Code   RO          173    .ARM.Collect$$libshutdown$$00000004  c_w.l(libshutdown2.o)
    0x0000047e   0x0000047e   0x00000000   Code   RO          176    .ARM.Collect$$libshutdown$$00000007  c_w.l(libshutdown2.o)
    0x0000047e   0x0000047e   0x00000000   Code   RO          179    .ARM.Collect$$libshutdown$$0000000A  c_w.l(libshutdown2.o)
    0x0000047e   0x0000047e   0x00000000   Code   RO          181    .ARM.Collect$$libshutdown$$0000000C  c_w.l(libshutdown2.o)
    0x0000047e   0x0000047e   0x00000000   Code   RO          184    .ARM.Collect$$libshutdown$$0000000F  c_w.l(libshutdown2.o)
    0x0000047e   0x0000047e   0x00000002   Code   RO          185    .ARM.Collect$$libshutdown$$00000010  c_w.l(libshutdown2.o)
    0x00000480   0x00000480   0x00000000   Code   RO           57    .ARM.Collect$$rtentry$$00000000  c_w.l(__rtentry.o)
    0x00000480   0x00000480   0x00000000   Code   RO           59    .ARM.Collect$$rtentry$$00000002  c_w.l(__rtentry2.o)
    0x00000480   0x00000480   0x00000006   Code   RO           71    .ARM.Collect$$rtentry$$00000004  c_w.l(__rtentry4.o)
    0x00000486   0x00000486   0x00000000   Code   RO           61    .ARM.Collect$$rtentry$$00000009  c_w.l(__rtentry2.o)
    0x00000486   0x00000486   0x00000004   Code   RO           62    .ARM.Collect$$rtentry$$0000000A  c_w.l(__rtentry2.o)
    0x0000048a   0x0000048a   0x00000000   Code   RO           64    .ARM.Collect$$rtentry$$0000000C  c_w.l(__rtentry2.o)
    0x0000048a   0x0000048a   0x00000008   Code   RO           65    .ARM.Collect$$rtentry$$0000000D  c_w.l(__rtentry2.o)
    0x00000492   0x00000492   0x00000002   Code   RO           86    .ARM.Collect$$rtexit$$00000000  c_w.l(rtexit.o)
    0x00000494   0x00000494   0x00000000   Code   RO          136    .ARM.Collect$$rtexit$$00000002  c_w.l(rtexit2.o)
    0x00000494   0x00000494   0x00000004   Code   RO          137    .ARM.Collect$$rtexit$$00000003  c_w.l(rtexit2.o)
    0x00000498   0x00000498   0x00000006   Code   RO          138    .ARM.Collect$$rtexit$$00000004  c_w.l(rtexit2.o)
    0x0000049e   0x0000049e   0x00000002   PAD
    0x000004a0   0x000004a0   0x00000044   Code   RO           13  * .text               arm_startup_nrf5340_application.o
    0x000004e4   0x000004e4   0x00000006   Code   RO           53    .text               c_w.l(heapauxi.o)
    0x000004ea   0x000004ea   0x0000004a   Code   RO           73    .text               c_w.l(sys_stackheap_outer.o)
    0x00000534   0x00000534   0x00000012   Code   RO           75    .text               c_w.l(exit.o)
    0x00000546   0x00000546   0x00000002   PAD
    0x00000548   0x00000548   0x00000008   Code   RO           83    .text               c_w.l(libspace.o)
    0x00000550   0x00000550   0x0000000c   Code   RO          146    .text               c_w.l(sys_exit.o)
    0x0000055c   0x0000055c   0x00000002   Code   RO          161    .text               c_w.l(use_no_semi.o)
    0x0000055e   0x0000055e   0x00000000   Code   RO          163    .text               c_w.l(indicate_semi.o)
    0x0000055e   0x0000055e   0x00000002   PAD
    0x00000560   0x00000560   0x00000024   Code   RO           20    .text.SystemCoreClockUpdate  system_nrf5340_application.o
    0x00000584   0x00000584   0x000001a0   Code   RO           22    .text.SystemInit    system_nrf5340_application.o
    0x00000724   0x00000724   0x00000058   Code   RO           40    .text.SystemStoreFICRNS  system_nrf5340_application.o
    0x0000077c   0x0000077c   0x0000000a   Code   RO            2    .text.main          main.o
    0x00000786   0x00000786   0x00000002   PAD
    0x00000788   0x00000788   0x00000070   Code   RO           28    .text.nrf53_errata_42  system_nrf5340_application.o
    0x000007f8   0x000007f8   0x00000070   Code   RO           30    .text.nrf53_errata_46  system_nrf5340_application.o
    0x00000868   0x00000868   0x00000070   Code   RO           32    .text.nrf53_errata_49  system_nrf5340_application.o
    0x000008d8   0x000008d8   0x00000070   Code   RO           34    .text.nrf53_errata_55  system_nrf5340_application.o
    0x00000948   0x00000948   0x00000070   Code   RO           26    .text.nrf53_errata_64  system_nrf5340_application.o
    0x000009b8   0x000009b8   0x00000070   Code   RO           36    .text.nrf53_errata_69  system_nrf5340_application.o
    0x00000a28   0x00000a28   0x00000070   Code   RO           24    .text.nrf53_errata_97  system_nrf5340_application.o
    0x00000a98   0x00000a98   0x0000002a   Code   RO           38    .text.nrf53_handle_approtect  system_nrf5340_application.o
    0x00000ac2   0x00000ac2   0x0000001a   Code   RO          144    x$fpl$fpinit        fz_wm.l(fpinit.o)
    0x00000adc   0x00000adc   0x00000020   Data   RO          219    Region$$Table       anon$$obj.o


    Execution Region ER_RW (Exec base: 0x20000000, Load base: 0x00000afc, Size: 0x00000004, Max: 0xffffffff, ABSOLUTE)

    Exec Addr    Load Addr    Size         Type   Attr      Idx    E Section Name        Object

    0x20000000   0x00000afc   0x00000004   Data   RW           44    .data.SystemCoreClock  system_nrf5340_application.o


    Execution Region ER_ZI (Exec base: 0x20000008, Load base: 0x00000b00, Size: 0x00008060, Max: 0xffffffff, ABSOLUTE)

    Exec Addr    Load Addr    Size         Type   Attr      Idx    E Section Name        Object

    0x20000008        -       0x00000060   Zero   RW           84    .bss                c_w.l(libspace.o)
    0x20000068        -       0x00004000   Zero   RW           11    HEAP                arm_startup_nrf5340_application.o
    0x20004068        -       0x00004000   Zero   RW           10    STACK               arm_startup_nrf5340_application.o


==============================================================================

Image component sizes


      Code (inc. data)   RO Data    RW Data    ZI Data      Debug   Object Name

        68         28       1024          0      32768       1032   arm_startup_nrf5340_application.o
        10          0          0          0          0        349   main.o
      1366         28          0          4          0      10826   system_nrf5340_application.o

    ----------------------------------------------------------------------
      1446         56       1056          4      32768      12207   Object Totals
         0          0         32          0          0          0   (incl. Generated)
         2          0          0          0          0          0   (incl. Padding)

    ----------------------------------------------------------------------

      Code (inc. data)   RO Data    RW Data    ZI Data      Debug   Library Member Name

         8          0          0          0          0         68   __main.o
         0          0          0          0          0          0   __rtentry.o
        12          0          0          0          0          0   __rtentry2.o
         6          0          0          0          0          0   __rtentry4.o
        52          8          0          0          0          0   __scatter.o
        26          0          0          0          0          0   __scatter_copy.o
        28          0          0          0          0          0   __scatter_zi.o
        18          0          0          0          0         80   exit.o
         6          0          0          0          0        152   heapauxi.o
         0          0          0          0          0          0   indicate_semi.o
         2          0          0          0          0          0   libinit.o
         6          0          0          0          0          0   libinit2.o
         2          0          0          0          0          0   libshutdown.o
         2          0          0          0          0          0   libshutdown2.o
         8          4          0          0         96         68   libspace.o
         2          0          0          0          0          0   rtexit.o
        10          0          0          0          0          0   rtexit2.o
        12          4          0          0          0         68   sys_exit.o
        74          0          0          0          0         80   sys_stackheap_outer.o
         2          0          0          0          0         68   use_no_semi.o
        26          0          0          0          0        116   fpinit.o

    ----------------------------------------------------------------------
       310         16          0          0         96        700   Library Totals
         8          0          0          0          0          0   (incl. Padding)

    ----------------------------------------------------------------------

      Code (inc. data)   RO Data    RW Data    ZI Data      Debug   Library Name

       276         16          0          0         96        584   c_w.l
        26          0          0          0          0        116   fz_wm.l

    ----------------------------------------------------------------------
       310         16          0          0         96        700   Library Totals

    ----------------------------------------------------------------------

==============================================================================


      Code (inc. data)   RO Data    RW Data    ZI Data      Debug   

      1756         72       1056          4      32864      12731   Grand Totals
      1756         72       1056          4      32864      12731   ELF Image Totals
      1756         72       1056          4          0          0   ROM Totals

==============================================================================

    Total RO  Size (Code + RO Data)                 2812 (   2.75kB)
    Total RW  Size (RW Data + ZI Data)             32868 (  32.10kB)
    Total ROM Size (Code + RO Data + RW Data)       2816 (   2.75kB)

==============================================================================

